[2026-02-19 14:59:11.540] [DEBUG] [127964604327744] Debug message
[2026-02-19 14:59:11.540] [INFO] [127964604327744] Info message
[2026-02-19 14:59:11.540] [WARNING] [127964604327744] Warning message
[2026-02-19 14:59:11.540] [ERROR] [127964604327744] Error message
[2026-02-19 14:59:11.540] [CRITICAL] [127964604327744] Critical message
[INFO] 2026-02-19 14:59:11.540 Formatted message
